First building id/name, followed by Enter: Second building id/name, followed by Enter: Path from RPI Ambulance to VCC:
	Walk North to (Intersection 99)
	Walk NorthWest to (Cogswell Laboratory)
	Walk North to (Intersection 136)
	Walk NorthWest to (Folsom Library)
	Walk East to (VCC)
Total distance: 417.368 pixel units.
First building id/name, followed by Enter: Second building id/name, followed by Enter: Unknown building: [-1]
Unknown building: [-2]
